<?xml version="1.0" encoding="utf-8"?><testsuites name="pytest tests"><testsuite name="pytest" errors="0" failures="0" skipped="0" tests="6" time="0.751" timestamp="2026-04-13T12:07:14.382715+05:30" hostname="DESKTOP-GUDP1GO"><testcase classname="tests.integration.test_api_with_local_server" name="test_users_endpoint_success" time="0.012" /><testcase classname="tests.integration.test_api_with_local_server" name="test_users_endpoint_not_found" time="0.507" /><testcase classname="tests.unit.test_mocking_patch" name="test_fetch_user_success_with_patch" time="0.002" /><testcase classname="tests.unit.test_mocking_patch" name="test_fetch_user_http_error" time="0.001" /><testcase classname="tests.unit.test_mocking_patch" name="test_fetch_user_schema_error" time="0.001" /><testcase classname="tests.unit.test_monkey_patch" name="test_get_user_from_env_with_patch" time="0.001" /></testsuite></testsuites>